[  0%] Built target tensor_lib
[  0%] Built target optimizer_lib
[  1%] Built target driver_others
[  2%] Built target benchmark
[  2%] Built target benchmark_main
[  6%] Built target Catch2
[  6%] Built target Catch2WithMain
[  6%] Built target TensorTest
[ 16%] Built target interface
[ 39%] Built target driver_level3
[ 65%] Built target kernel
[ 97%] Built target driver_level2
[ 97%] Built target openblas_static
[ 97%] Built target operations_lib
[ 97%] Built target loss_lib
[ 98%] Built target nn_lib
[ 98%] Built target OperationTest
[ 98%] Built target mnist
[ 99%] Built target LossTest
[ 99%] Built target OptimizerTest
[ 99%] Built target ModuleTest
[100%] Built target xor
[100%] Building CXX object CMakeFiles/benchmarc_mnist.dir/examples/cpp/mnist/benchmarc_mnist.cpp.o
/mnt/c/Users/Samuele Ragazzo/Desktop/Neural_Network_framework/examples/cpp/mnist/benchmarc_mnist.cpp: In function ‘void {anonymous}::training_loop(const std::vector<std::shared_ptr<Tensor> >&, std::vector<std::shared_ptr<Tensor> >&, const std::vector<std::shared_ptr<Tensor> >&, std::vector<std::shared_ptr<Tensor> >&, const std::string&, std::shared_ptr<Module>)’:
/mnt/c/Users/Samuele Ragazzo/Desktop/Neural_Network_framework/examples/cpp/mnist/benchmarc_mnist.cpp:63:37: error: ‘env_size’ was not declared in this scope
   63 |     const std::size_t max_batches = env_size("BENCH_MAX_BATCHES", static_cast<std::size_t>(-1));
      |                                     ^~~~~~~~
gmake[2]: *** [CMakeFiles/benchmarc_mnist.dir/build.make:79: CMakeFiles/benchmarc_mnist.dir/examples/cpp/mnist/benchmarc_mnist.cpp.o] Error 1
gmake[1]: *** [CMakeFiles/Makefile2:779: CMakeFiles/benchmarc_mnist.dir/all] Error 2
gmake: *** [Makefile:136: all] Error 2
